<?xml version="1.0" encoding="utf-8"?><testsuites name="pytest tests"><testsuite name="pytest" errors="0" failures="0" skipped="0" tests="64" time="0.748" timestamp="2026-07-08T10:58:49.416916+03:00" hostname="spbypriw0925"><testcase classname="tests.test_api.TestAuthEndpoints" name="test_create_access_token" time="0.255" /><testcase classname="tests.test_api.TestAuthEndpoints" name="test_verify_valid_token" time="0.001" /><testcase classname="tests.test_api.TestAuthEndpoints" name="test_verify_invalid_token" time="0.001" /><testcase classname="tests.test_api.TestAuthEndpoints" name="test_verify_empty_token" time="0.000" /><testcase classname="tests.test_api.TestAuthEndpoints" name="test_token_contains_user_id" time="0.001" /><testcase classname="tests.test_api.TestSanitization" name="test_sanitize_string_removes_script" time="0.000" /><testcase classname="tests.test_api.TestSanitization" name="test_sanitize_email_valid" time="0.000" /><testcase classname="tests.test_api.TestSanitization" name="test_sanitize_email_invalid" time="0.000" /><testcase classname="tests.test_api.TestSanitization" name="test_validate_password_strength" time="0.000" /><testcase classname="tests.test_api.TestHealthEndpoint" name="test_health_response_schema" time="0.000" /><testcase classname="tests.test_graphrag.TestEntityExtraction" name="test_service_importable" time="0.393" /><testcase classname="tests.test_graphrag.TestEntityExtraction" name="test_extraction_result_model" time="0.000" /><testcase classname="tests.test_graphrag.TestGraphBuilder" name="test_service_importable" time="0.000" /><testcase classname="tests.test_graphrag.TestGraphBuilder" name="test_entity_id_generation" time="0.000" /><testcase classname="tests.test_graphrag.TestGraphBuilder" name="test_entity_id_uniqueness" time="0.001" /><testcase classname="tests.test_graphrag.TestVectorIndexer" name="test_service_importable" time="0.000" /><testcase classname="tests.test_graphrag.TestDocumentIngestion" name="test_service_importable" time="0.000" /><testcase classname="tests.test_graphrag.TestDocumentIngestion" name="test_chunking_config" time="0.000" /><testcase classname="tests.test_graphrag.TestSchemas" name="test_chat_request_schema" time="0.000" /><testcase classname="tests.test_graphrag.TestSchemas" name="test_ingest_request_schema" time="0.000" /><testcase classname="tests.test_graphrag.TestSchemas" name="test_graph_node_schema" time="0.000" /><testcase classname="tests.test_graphrag.TestConfig" name="test_settings_loaded" time="0.000" /><testcase classname="tests.test_graphrag.TestConfig" name="test_api_prefix" time="0.001" /><testcase classname="tests.test_graphrag.TestConfig" name="test_security_settings" time="0.000" /><testcase classname="tests.test_guardrails.TestPIIFiltering" name="test_guardrails_service_importable" time="0.008" /><testcase classname="tests.test_guardrails.TestPIIFiltering" name="test_guardrail_result_structure" time="0.000" /><testcase classname="tests.test_guardrails.TestPIIFiltering" name="test_pii_phone_detection" time="0.001" /><testcase classname="tests.test_guardrails.TestPIIFiltering" name="test_pii_inn_detection" time="0.001" /><testcase classname="tests.test_guardrails.TestPIIFiltering" name="test_safe_text_passes" time="0.000" /><testcase classname="tests.test_guardrails.TestPromptInjection" name="test_injection_detection_on_suspicious_input" time="0.000" /><testcase classname="tests.test_guardrails.TestPromptInjection" name="test_normal_query_low_injection_score" time="0.000" /><testcase classname="tests.test_guardrails.TestOutputFiltering" name="test_output_filter_exists" time="0.000" /><testcase classname="tests.test_guardrails.TestOutputFiltering" name="test_output_pii_masking" time="0.000" /><testcase classname="tests.test_llm_judge.TestLLMJudgeGuardrails" name="test_pii_masked_in_output" time="0.001" /><testcase classname="tests.test_llm_judge.TestLLMJudgeGuardrails" name="test_safe_legal_text_passes_all_guardrails" time="0.000" /><testcase classname="tests.test_llm_judge.TestLLMJudgeGuardrails" name="test_injection_blocked_high_score" time="0.000" /><testcase classname="tests.test_llm_judge.TestLLMJudgeGuardrails" name="test_russian_injection_blocked" time="0.000" /><testcase classname="tests.test_llm_judge.TestLLMJudgeGuardrails" name="test_max_length_enforced" time="0.001" /><testcase classname="tests.test_llm_judge.TestLLMJudgeRBAC" name="test_admin_sees_all_nodes" time="0.000" /><testcase classname="tests.test_llm_judge.TestLLMJudgeRBAC" name="test_viewer_sees_only_public" time="0.001" /><testcase classname="tests.test_llm_judge.TestLLMJudgeRBAC" name="test_analyst_with_clearance_sees_more" time="0.000" /><testcase classname="tests.test_llm_judge.TestLLMJudgePromptQuality" name="test_system_prompt_contains_context" time="0.002" /><testcase classname="tests.test_llm_judge.TestLLMJudgePromptQuality" name="test_system_prompt_has_russian_language_directive" time="0.000" /><testcase classname="tests.test_llm_judge.TestLLMJudgePromptQuality" name="test_stop_tokens_configured" time="0.000" /><testcase classname="tests.test_llm_judge.TestLLMJudgePromptQuality" name="test_classify_query_requires_graph" time="0.000" /><testcase classname="tests.test_llm_judge.TestLLMJudgePromptQuality" name="test_classify_query_factual_no_graph" time="0.000" /><testcase classname="tests.test_llm_judge.TestLLMJudgeIntegration" name="test_agent_state_graph_structure" time="0.001" /><testcase classname="tests.test_llm_judge.TestLLMJudgeIntegration" name="test_guardrail_on_chat_pipeline" time="0.000" /><testcase classname="tests.test_llm_judge.TestLLMJudgeIntegration" name="test_rbac_in_agent_context" time="0.000" /><testcase classname="tests.test_rbac.TestRoles" name="test_role_enum_values" time="0.000" /><testcase classname="tests.test_rbac.TestRoles" name="test_clearance_level_enum" time="0.000" /><testcase classname="tests.test_rbac.TestAccessContext" name="test_access_context_creation" time="0.000" /><testcase classname="tests.test_rbac.TestAccessContext" name="test_access_context_admin" time="0.000" /><testcase classname="tests.test_rbac.TestRBACService" name="test_rbac_service_exists" time="0.000" /><testcase classname="tests.test_rbac.TestRBACService" name="test_build_cypher_filter" time="0.000" /><testcase classname="tests.test_rbac.TestRBACService" name="test_clearance_ordering" time="0.000" /><testcase classname="tests.test_rbac.TestRBACService" name="test_node_access_granted_same_clearance" time="0.000" /><testcase classname="tests.test_rbac.TestRBACService" name="test_node_access_denied_clearance" time="0.000" /><testcase classname="tests.test_rbac.TestRBACService" name="test_node_access_denied_department" time="0.000" /><testcase classname="tests.test_rbac.TestRBACService" name="test_node_access_denied_role" time="0.000" /><testcase classname="tests.test_rbac.TestRBACService" name="test_admin_bypass_all_restrictions" time="0.000" /><testcase classname="tests.test_rbac.TestRBACService" name="test_filter_nodes_filters_by_access" time="0.000" /><testcase classname="tests.test_rbac.TestRBACService" name="test_build_cypher_filter_non_admin" time="0.000" /><testcase classname="tests.test_rbac.TestRBACService" name="test_build_cypher_filter_admin_empty" time="0.000" /></testsuite></testsuites>